groups:
- name: ci-group
  users:
  - email: ci-customer-user-ecdsa521@example.com
    role: OWNER
  - email: ci-customer-user-ed25519@example.com
    role: OWNER
  - email: ci-customer-user-rsa@example.com
    role: OWNER
projects:
- autoIdle: 1
  branches: ^feature/|^(dev|test|develop|master)$
  deployTargetConfigs:
  - branches: qa
    deployTarget:
      id: 157
      name: test.amazee.io
      token: test
    id: 2094
    project:
      autoIdle: 1
      gitUrl: ssh://git@bitbucket.biscrum.com:7999/wpsites/test.git
      name: test-template
      productionEnvironment: master
      storageCalc: 1
    pullrequests: "false"
    weight: 102
  environments:
  - autoIdle: 1
    deployBaseRef: master
    deployType: branch
    environmentType: production
    name: master
    openshift:
      id: 1
    openshiftProjectName: ci-branch-picky
  - autoIdle: 1
    deployBaseRef: develop
    deployType: branch
    environmentType: development
    name: develop
    openshift:
      id: 1
    openshiftProjectName: ci-branch-picky
  - autoIdle: 1
    deployBaseRef: stage
    deployType: branch
    environmentType: development
    name: stage
    openshift:
      id: 1
    openshiftProjectName: ci-branch-picky
  - autoIdle: 1
    deployBaseRef: banana
    deployType: branch
    environmentType: development
    name: banana
    openshift:
      id: 1
    openshiftProjectName: ci-branch-picky
  gitUrl: ssh://git@192.168.42.1:2222/git/node.git
  groups:
  - ci-group
  name: ci-branch-picky
  productionEnvironment: master
  storageCalc: 1
  users:
  - email: ci-customer-user-rsa@example.com
    role: MAINTAINER
users:
- email: ci-customer-user-ecdsa521@example.com
  sshKeys:
  - created: "2020-02-11 09:00:42"
    keyFingerprint: ""
    keyType: ecdsa-sha2-nistp521
    keyValue: AAAAE2VjZHNhLXNoYTItbmlzdHA1MjEAAAAIbmlzdHA1MjEAAACFBAFAX0rkOBwlrXr2rJNxYVi0fRj8IiHBaFCsAM0zO+o2fh+h4EuL1Mx4F237SX5G0zuL8R6Sbf9LrY2lhKZdDpiFdgF7pP1TZ8RuDvKgasppGDEzAIm9+7bmHR118CejWF7llgHD3oz+/aRHTZVpOOaCyTGkF2oPeUejrI74KoPHk3HHpQ==
    name: ci-customer-sshkey-ecdsa-nistp521
- email: ci-customer-user-ed25519@example.com
  sshKeys:
  - created: "2020-02-11 09:00:42"
    keyFingerprint: ""
    keyType: ssh-ed25519
    keyValue: AAAAC3NzaC1lZDI1NTE5AAAAIMdEs1h19jv2UrbtKcqPDatUxT9lPYcbGlEAbInsY8Ka
    name: ci-customer-sshkey-ed25519
- email: ci-customer-user-rsa@example.com
  sshKeys:
  - created: "2020-02-11 09:00:42"
    keyFingerprint: ""
    keyType: ssh-rsa
    keyValue: AAAAB3NzaC1yc2EAAAADAQABAAACAQDEZlms5XsiyWjmnnUyhpt93VgHypse9Bl8kNkmZJTiM3Ex/wZAfwogzqd2LrTEiIOWSH1HnQazR+Cc9oHCmMyNxRrLkS/MEl0yZ38Q+GDfn37h/llCIZNVoHlSgYkqD0MQrhfGL5AulDUKIle93dA6qdCUlnZZjDPiR0vEXR36xGuX7QYAhK30aD2SrrBruTtFGvj87IP/0OEOvUZe8dcU9G/pCoqrTzgKqJRpqs/s5xtkqLkTIyR/SzzplO21A+pCKNax6csDDq3snS8zfx6iM8MwVfh8nvBW9seax1zBvZjHAPSTsjzmZXm4z32/ujAn/RhIkZw3ZgRKrxzryttGnWJJ8OFyF31JTJgwWWuPdH53G15PC83ZbmEgSV3win51RZRVppN4uQUuaqZWG9wwk2a6P5aen1RLCSLpTkd2mAEk9PlgmJrf8vITkiU9pF9n68ENCoo556qSdxW2pxnjrzKVPSqmqO1Xg5K4LOX4/9N4n4qkLEOiqnzzJClhFif3O28RW86RPxERGdPT81UI0oDAcU5euQr8Emz+Hd+PY1115UIld3CIHib5PYL9Ee0bFUKiWpR/acSe1fHB64mCoHP7hjFepGsq7inkvg2651wUDKBshGltpNkMj6+aZedNc0/rKYyjl80nT8g8QECgOSRzpmYp0zli2HpFoLOiWw==
    name: ci-customer-sshkey-rsa
