groups:
- name: abc
  users:
  - email: foo@example.com
    role: OWNER
  - email: bar@example.com
    role: OWNER
notifications:
  slack:
  - channel: build-notifications
    name: example-slack
    webhook: https://hooks.slack.example.com/services/xxx/yyy
projects:
- autoIdle: 1
  branches: ^(master|develop|production)$
  developmentEnvironmentsLimit: 10
  envVariables:
  - name: ENABLE_REDIS
    scope: global
    value: "1"
  environments:
  - autoIdle: 1
    deployBaseRef: ""
    deployType: ""
    envVariables:
    - name: ENABLE_REDIS
      scope: build
      value: "1"
    environmentType: ""
    name: develop
    openshift:
      id: 1
    openshiftProjectName: bananas-develop
  - autoIdle: 1
    deployBaseRef: ""
    deployType: ""
    environmentType: ""
    name: feature/persist-db
    openshift:
      id: 1
    openshiftProjectName: bananas-feature-persist-db
  - autoIdle: 1
    deployBaseRef: ""
    deployType: ""
    environmentType: ""
    name: master
    openshift:
      id: 1
    openshiftProjectName: bananas-master
  - autoIdle: 1
    deployBaseRef: ""
    deployType: ""
    environmentType: ""
    name: pr-486
    openshift:
      id: 1
    openshiftProjectName: bananas-pr-486
  - autoIdle: 1
    deployBaseRef: ""
    deployType: ""
    environmentType: ""
    name: pr-487
    openshift:
      id: 1
    openshiftProjectName: bananas-pr-487
  - autoIdle: 1
    deployBaseRef: ""
    deployType: ""
    environmentType: ""
    name: pr-507
    openshift:
      id: 1
    openshiftProjectName: bananas-pr-507
  - autoIdle: 1
    deployBaseRef: ""
    deployType: ""
    environmentType: ""
    name: pr-513
    openshift:
      id: 1
    openshiftProjectName: bananas-pr-513
  - autoIdle: 1
    deployBaseRef: ""
    deployType: ""
    environmentType: ""
    name: production
    openshift:
      id: 1
    openshiftProjectName: bananas-production
  - autoIdle: 1
    deployBaseRef: ""
    deployType: ""
    environmentType: ""
    name: sandbox
    openshift:
      id: 1
    openshiftProjectName: bananas-sandbox
  gitUrl: git@github.amazee.io:foo-bar/bananas-au.git
  groups:
  - abc
  name: bananas
  notifications:
    slack:
    - example-slack
  productionEnvironment: production
  storageCalc: 1
  users:
  - email: projectuser@example.com
    role: MAINTAINER
users:
- email: foo@example.com
  firstName: foofirst
  lastName: foolast
  sshKeys:
  - created: "2020-02-11 09:00:42"
    keyFingerprint: ""
    keyType: ssh-ed25519
    keyValue: AAAAC3NzaC1lZDI1NTE5AAAAIPKqJ+OLYLCLJlUTF8SWVOwdUrCFfPVcNMF4Rr+rfXY3
    name: foo-example
- email: bar@example.com
  firstName: barfirst
  lastName: barlast
  sshKeys:
  - created: "2020-02-11 09:00:42"
    keyFingerprint: ""
    keyType: ssh-ed25519
    keyValue: AAAAC3NzaC1lZDI1NTE5AAAAIPKqJ+OLYLCLJlUTF8SWVOwdUrCFfPVcNMF4Rr+rfXY3
    name: bar-example
- email: projectuser@example.com
  firstName: projectuserfirst
  lastName: projectuserlast
  sshKeys:
  - created: "2020-02-11 09:00:42"
    keyFingerprint: ""
    keyType: ssh-ed25519
    keyValue: AAAAC3NzaC1lZDI1NTE5AAAAIPKqJ+OLYLCLJlUTF8SWVOwdUrCFfPVcNMF4Rr+rfXY3
    name: projectuser
